// Jest Snapshot v1, https://goo.gl/fbAQLP

exports[`Typescript imports 1`] = `[]`;

exports[`Typescript random TS 1`] = `[]`;
